 apple 100
orange 50
guava 75
